Arguments: 
  /usr/local/heroku/bin/node /usr/share/yarn/bin/yarn.js build

PATH: 
  /home/mike/.rvm/gems/ruby-3.3.1/bin:/home/mike/.rvm/gems/ruby-3.3.1@global/bin:/home/mike/.rvm/rubies/ruby-3.3.1/bin:/home/mike/.rvm/bin:/usr/local/heroku/bin:/home/mike/.local/bin:/home/mike/gems/bin:/home/mike/.nvm/versions/node/v22.9.0/bin:/usr/local/heroku/bin:/home/mike/.cargo/bin:/home/mike/.local/bin:/usr/local/sbin:/usr/local/bin:/usr/sbin:/usr/bin:/sbin:/bin:/usr/games:/usr/local/games:/snap/bin:/home/mike/snap/bin

Yarn version: 
  1.22.18

Node version: 
  12.21.0

Platform: 
  linux x64

Trace: 
  SyntaxError: /home/mike/pdf-test/package.json: Unexpected token / in JSON at position 315
      at JSON.parse (<anonymous>)
      at /usr/share/yarn/lib/cli.js:1625:59
      at Generator.next (<anonymous>)
      at step (/usr/share/yarn/lib/cli.js:310:30)
      at /usr/share/yarn/lib/cli.js:321:13

npm manifest: 
  {
    "name": "app",
    "private": true,
    "devDependencies": {
      "esbuild": "^0.24.2"
    },
    "dependencies": {
      "@chialab/esbuild-plugin-worker": "^0.18.1",
      "@hotwired/stimulus": "^3.2.2",
      "@hotwired/turbo-rails": "^8.0.12",
      "pdf-lib": "^1.17.1",
      "pdfjs-dist": "^4.10.38"
    },
    "scripts": {
      // "build": "node esbuild.config.mjs",
      // "build:watch": "node esbuild.config.mjs --watch"
    }
  }

yarn manifest: 
  No manifest

Lockfile: 
  # THIS IS AN AUTOGENERATED FILE. DO NOT EDIT THIS FILE DIRECTLY.
  # yarn lockfile v1
  
  
  "@chialab/esbuild-plugin-meta-url@^0.18.2":
    version "0.18.2"
    resolved "https://registry.yarnpkg.com/@chialab/esbuild-plugin-meta-url/-/esbuild-plugin-meta-url-0.18.2.tgz#1d35c3b676e26d194536f73c78c1f09ae4bf6c43"
    integrity sha512-uIRIdLvYnw5mLrTRXY0BTgeZx6ANL2/OHkWFl8FaiTYNb7cyXmwEDRE1mh6kBXPRPtGuqv6XSpNX+koEkElu4g==
    dependencies:
      "@chialab/esbuild-rna" "^0.18.1"
      "@chialab/estransform" "^0.18.1"
      mime-types "^2.1.35"
  
  "@chialab/esbuild-plugin-worker@^0.18.1":
    version "0.18.1"
    resolved "https://registry.yarnpkg.com/@chialab/esbuild-plugin-worker/-/esbuild-plugin-worker-0.18.1.tgz#31db4fdc4e8ad67fa486dfc3f85b498c6e0075b2"
    integrity sha512-FCpdhMQkrwBejY+uWo3xLdqHhUK3hbn0ICedyqo97hzRX98ErB2fhRq4LEEPMEaiplF2se2ToYTQaoxHDpkouw==
    dependencies:
      "@chialab/esbuild-plugin-meta-url" "^0.18.2"
      "@chialab/esbuild-rna" "^0.18.0"
      "@chialab/estransform" "^0.18.1"
  
  "@chialab/esbuild-rna@^0.18.0", "@chialab/esbuild-rna@^0.18.1":
    version "0.18.2"
    resolved "https://registry.yarnpkg.com/@chialab/esbuild-rna/-/esbuild-rna-0.18.2.tgz#69368579b7e8a78db25a9c75731270f8663d06bd"
    integrity sha512-ckzskez7bxstVQ4c5cxbx0DRP2teldzrcSGQl2KPh1VJGdO2ZmRrb6vNkBBD5K3dx9tgTyvskWp4dV+Fbg07Ag==
    dependencies:
      "@chialab/estransform" "^0.18.0"
      "@chialab/node-resolve" "^0.18.0"
  
  "@chialab/estransform@^0.18.0", "@chialab/estransform@^0.18.1":
    version "0.18.1"
    resolved "https://registry.yarnpkg.com/@chialab/estransform/-/estransform-0.18.1.tgz#28d78bb6ffe32582298172ae72d3750c6e950e25"
    integrity sha512-W/WmjpQL2hndD0/XfR0FcPBAUj+aLNeoAVehOjV/Q9bSnioz0GVSAXXhzp59S33ZynxJBBfn8DNiMTVNJmk4Aw==
    dependencies:
      "@parcel/source-map" "^2.0.0"
  
  "@chialab/node-resolve@^0.18.0":
    version "0.18.0"
    resolved "https://registry.yarnpkg.com/@chialab/node-resolve/-/node-resolve-0.18.0.tgz#cedb5f8717628f591bb5d474bde2e0721dcce1a2"
    integrity sha512-eV1m70Qn9pLY9xwFmZ2FlcOzwiaUywsJ7NB/ud8VB7DouvCQtIHkQ3Om7uPX0ojXGEG1LCyO96kZkvbNTxNu0Q==
  
  "@esbuild/aix-ppc64@0.24.2":
    version "0.24.2"
    resolved "https://registry.yarnpkg.com/@esbuild/aix-ppc64/-/aix-ppc64-0.24.2.tgz#38848d3e25afe842a7943643cbcd387cc6e13461"
    integrity sha512-thpVCb/rhxE/BnMLQ7GReQLLN8q9qbHmI55F4489/ByVg2aQaQ6kbcLb6FHkocZzQhxc4gx0sCk0tJkKBFzDhA==
  
  "@esbuild/android-arm64@0.24.2":
    version "0.24.2"
    resolved "https://registry.yarnpkg.com/@esbuild/android-arm64/-/android-arm64-0.24.2.tgz#f592957ae8b5643129fa889c79e69cd8669bb894"
    integrity sha512-cNLgeqCqV8WxfcTIOeL4OAtSmL8JjcN6m09XIgro1Wi7cF4t/THaWEa7eL5CMoMBdjoHOTh/vwTO/o2TRXIyzg==
  
  "@esbuild/android-arm@0.24.2":
    version "0.24.2"
    resolved "https://registry.yarnpkg.com/@esbuild/android-arm/-/android-arm-0.24.2.tgz#72d8a2063aa630308af486a7e5cbcd1e134335b3"
    integrity sha512-tmwl4hJkCfNHwFB3nBa8z1Uy3ypZpxqxfTQOcHX+xRByyYgunVbZ9MzUUfb0RxaHIMnbHagwAxuTL+tnNM+1/Q==
  
  "@esbuild/android-x64@0.24.2":
    version "0.24.2"
    resolved "https://registry.yarnpkg.com/@esbuild/android-x64/-/android-x64-0.24.2.tgz#9a7713504d5f04792f33be9c197a882b2d88febb"
    integrity sha512-B6Q0YQDqMx9D7rvIcsXfmJfvUYLoP722bgfBlO5cGvNVb5V/+Y7nhBE3mHV9OpxBf4eAS2S68KZztiPaWq4XYw==
  
  "@esbuild/darwin-arm64@0.24.2":
    version "0.24.2"
    resolved "https://registry.yarnpkg.com/@esbuild/darwin-arm64/-/darwin-arm64-0.24.2.tgz#02ae04ad8ebffd6e2ea096181b3366816b2b5936"
    integrity sha512-kj3AnYWc+CekmZnS5IPu9D+HWtUI49hbnyqk0FLEJDbzCIQt7hg7ucF1SQAilhtYpIujfaHr6O0UHlzzSPdOeA==
  
  "@esbuild/darwin-x64@0.24.2":
    version "0.24.2"
    resolved "https://registry.yarnpkg.com/@esbuild/darwin-x64/-/darwin-x64-0.24.2.tgz#9ec312bc29c60e1b6cecadc82bd504d8adaa19e9"
    integrity sha512-WeSrmwwHaPkNR5H3yYfowhZcbriGqooyu3zI/3GGpF8AyUdsrrP0X6KumITGA9WOyiJavnGZUwPGvxvwfWPHIA==
  
  "@esbuild/freebsd-arm64@0.24.2":
    version "0.24.2"
    resolved "https://registry.yarnpkg.com/@esbuild/freebsd-arm64/-/freebsd-arm64-0.24.2.tgz#5e82f44cb4906d6aebf24497d6a068cfc152fa00"
    integrity sha512-UN8HXjtJ0k/Mj6a9+5u6+2eZ2ERD7Edt1Q9IZiB5UZAIdPnVKDoG7mdTVGhHJIeEml60JteamR3qhsr1r8gXvg==
  
  "@esbuild/freebsd-x64@0.24.2":
    version "0.24.2"
    resolved "https://registry.yarnpkg.com/@esbuild/freebsd-x64/-/freebsd-x64-0.24.2.tgz#3fb1ce92f276168b75074b4e51aa0d8141ecce7f"
    integrity sha512-TvW7wE/89PYW+IevEJXZ5sF6gJRDY/14hyIGFXdIucxCsbRmLUcjseQu1SyTko+2idmCw94TgyaEZi9HUSOe3Q==
  
  "@esbuild/linux-arm64@0.24.2":
    version "0.24.2"
    resolved "https://registry.yarnpkg.com/@esbuild/linux-arm64/-/linux-arm64-0.24.2.tgz#856b632d79eb80aec0864381efd29de8fd0b1f43"
    integrity sha512-7HnAD6074BW43YvvUmE/35Id9/NB7BeX5EoNkK9obndmZBUk8xmJJeU7DwmUeN7tkysslb2eSl6CTrYz6oEMQg==
  
  "@esbuild/linux-arm@0.24.2":
    version "0.24.2"
    resolved "https://registry.yarnpkg.com/@esbuild/linux-arm/-/linux-arm-0.24.2.tgz#c846b4694dc5a75d1444f52257ccc5659021b736"
    integrity sha512-n0WRM/gWIdU29J57hJyUdIsk0WarGd6To0s+Y+LwvlC55wt+GT/OgkwoXCXvIue1i1sSNWblHEig00GBWiJgfA==
  
  "@esbuild/linux-ia32@0.24.2":
    version "0.24.2"
    resolved "https://registry.yarnpkg.com/@esbuild/linux-ia32/-/linux-ia32-0.24.2.tgz#f8a16615a78826ccbb6566fab9a9606cfd4a37d5"
    integrity sha512-sfv0tGPQhcZOgTKO3oBE9xpHuUqguHvSo4jl+wjnKwFpapx+vUDcawbwPNuBIAYdRAvIDBfZVvXprIj3HA+Ugw==
  
  "@esbuild/linux-loong64@0.24.2":
    version "0.24.2"
    resolved "https://registry.yarnpkg.com/@esbuild/linux-loong64/-/linux-loong64-0.24.2.tgz#1c451538c765bf14913512c76ed8a351e18b09fc"
    integrity sha512-CN9AZr8kEndGooS35ntToZLTQLHEjtVB5n7dl8ZcTZMonJ7CCfStrYhrzF97eAecqVbVJ7APOEe18RPI4KLhwQ==
  
  "@esbuild/linux-mips64el@0.24.2":
    version "0.24.2"
    resolved "https://registry.yarnpkg.com/@esbuild/linux-mips64el/-/linux-mips64el-0.24.2.tgz#0846edeefbc3d8d50645c51869cc64401d9239cb"
    integrity sha512-iMkk7qr/wl3exJATwkISxI7kTcmHKE+BlymIAbHO8xanq/TjHaaVThFF6ipWzPHryoFsesNQJPE/3wFJw4+huw==
  
  "@esbuild/linux-ppc64@0.24.2":
    version "0.24.2"
    resolved "https://registry.yarnpkg.com/@esbuild/linux-ppc64/-/linux-ppc64-0.24.2.tgz#8e3fc54505671d193337a36dfd4c1a23b8a41412"
    integrity sha512-shsVrgCZ57Vr2L8mm39kO5PPIb+843FStGt7sGGoqiiWYconSxwTiuswC1VJZLCjNiMLAMh34jg4VSEQb+iEbw==
  
  "@esbuild/linux-riscv64@0.24.2":
    version "0.24.2"
    resolved "https://registry.yarnpkg.com/@esbuild/linux-riscv64/-/linux-riscv64-0.24.2.tgz#6a1e92096d5e68f7bb10a0d64bb5b6d1daf9a694"
    integrity sha512-4eSFWnU9Hhd68fW16GD0TINewo1L6dRrB+oLNNbYyMUAeOD2yCK5KXGK1GH4qD/kT+bTEXjsyTCiJGHPZ3eM9Q==
  
  "@esbuild/linux-s390x@0.24.2":
    version "0.24.2"
    resolved "https://registry.yarnpkg.com/@esbuild/linux-s390x/-/linux-s390x-0.24.2.tgz#ab18e56e66f7a3c49cb97d337cd0a6fea28a8577"
    integrity sha512-S0Bh0A53b0YHL2XEXC20bHLuGMOhFDO6GN4b3YjRLK//Ep3ql3erpNcPlEFed93hsQAjAQDNsvcK+hV90FubSw==
  
  "@esbuild/linux-x64@0.24.2":
    version "0.24.2"
    resolved "https://registry.yarnpkg.com/@esbuild/linux-x64/-/linux-x64-0.24.2.tgz#8140c9b40da634d380b0b29c837a0b4267aff38f"
    integrity sha512-8Qi4nQcCTbLnK9WoMjdC9NiTG6/E38RNICU6sUNqK0QFxCYgoARqVqxdFmWkdonVsvGqWhmm7MO0jyTqLqwj0Q==
  
  "@esbuild/netbsd-arm64@0.24.2":
    version "0.24.2"
    resolved "https://registry.yarnpkg.com/@esbuild/netbsd-arm64/-/netbsd-arm64-0.24.2.tgz#65f19161432bafb3981f5f20a7ff45abb2e708e6"
    integrity sha512-wuLK/VztRRpMt9zyHSazyCVdCXlpHkKm34WUyinD2lzK07FAHTq0KQvZZlXikNWkDGoT6x3TD51jKQ7gMVpopw==
  
  "@esbuild/netbsd-x64@0.24.2":
    version "0.24.2"
    resolved "https://registry.yarnpkg.com/@esbuild/netbsd-x64/-/netbsd-x64-0.24.2.tgz#7a3a97d77abfd11765a72f1c6f9b18f5396bcc40"
    integrity sha512-VefFaQUc4FMmJuAxmIHgUmfNiLXY438XrL4GDNV1Y1H/RW3qow68xTwjZKfj/+Plp9NANmzbH5R40Meudu8mmw==
  
  "@esbuild/openbsd-arm64@0.24.2":
    version "0.24.2"
    resolved "https://registry.yarnpkg.com/@esbuild/openbsd-arm64/-/openbsd-arm64-0.24.2.tgz#58b00238dd8f123bfff68d3acc53a6ee369af89f"
    integrity sha512-YQbi46SBct6iKnszhSvdluqDmxCJA+Pu280Av9WICNwQmMxV7nLRHZfjQzwbPs3jeWnuAhE9Jy0NrnJ12Oz+0A==
  
  "@esbuild/openbsd-x64@0.24.2":
    version "0.24.2"
    resolved "https://registry.yarnpkg.com/@esbuild/openbsd-x64/-/openbsd-x64-0.24.2.tgz#0ac843fda0feb85a93e288842936c21a00a8a205"
    integrity sha512-+iDS6zpNM6EnJyWv0bMGLWSWeXGN/HTaF/LXHXHwejGsVi+ooqDfMCCTerNFxEkM3wYVcExkeGXNqshc9iMaOA==
  
  "@esbuild/sunos-x64@0.24.2":
    version "0.24.2"
    resolved "https://registry.yarnpkg.com/@esbuild/sunos-x64/-/sunos-x64-0.24.2.tgz#8b7aa895e07828d36c422a4404cc2ecf27fb15c6"
    integrity sha512-hTdsW27jcktEvpwNHJU4ZwWFGkz2zRJUz8pvddmXPtXDzVKTTINmlmga3ZzwcuMpUvLw7JkLy9QLKyGpD2Yxig==
  
  "@esbuild/win32-arm64@0.24.2":
    version "0.24.2"
    resolved "https://registry.yarnpkg.com/@esbuild/win32-arm64/-/win32-arm64-0.24.2.tgz#c023afb647cabf0c3ed13f0eddfc4f1d61c66a85"
    integrity sha512-LihEQ2BBKVFLOC9ZItT9iFprsE9tqjDjnbulhHoFxYQtQfai7qfluVODIYxt1PgdoyQkz23+01rzwNwYfutxUQ==
  
  "@esbuild/win32-ia32@0.24.2":
    version "0.24.2"
    resolved "https://registry.yarnpkg.com/@esbuild/win32-ia32/-/win32-ia32-0.24.2.tgz#96c356132d2dda990098c8b8b951209c3cd743c2"
    integrity sha512-q+iGUwfs8tncmFC9pcnD5IvRHAzmbwQ3GPS5/ceCyHdjXubwQWI12MKWSNSMYLJMq23/IUCvJMS76PDqXe1fxA==
  
  "@esbuild/win32-x64@0.24.2":
    version "0.24.2"
    resolved "https://registry.yarnpkg.com/@esbuild/win32-x64/-/win32-x64-0.24.2.tgz#34aa0b52d0fbb1a654b596acfa595f0c7b77a77b"
    integrity sha512-7VTgWzgMGvup6aSqDPLiW5zHaxYJGTO4OokMjIlrCtf+VpEL+cXKtCvg723iguPYI5oaUNdS+/V7OU2gvXVWEg==
  
  "@hotwired/stimulus@^3.2.2":
    version "3.2.2"
    resolved "https://registry.yarnpkg.com/@hotwired/stimulus/-/stimulus-3.2.2.tgz#071aab59c600fed95b97939e605ff261a4251608"
    integrity sha512-eGeIqNOQpXoPAIP7tC1+1Yc1yl1xnwYqg+3mzqxyrbE5pg5YFBZcA6YoTiByJB6DKAEsiWtl6tjTJS4IYtbB7A==
  
  "@hotwired/turbo-rails@^8.0.12":
    version "8.0.12"
    resolved "https://registry.yarnpkg.com/@hotwired/turbo-rails/-/turbo-rails-8.0.12.tgz#6f1a2661122c0a2bf717f3bc68b5106638798c89"
    integrity sha512-ZXwu9ez+Gd4RQNeHIitqOQgi/LyqY8J4JqsUN0nnYiZDBRq7IreeFdMbz29VdJpIsmYqwooE4cFzPU7QvJkQkA==
    dependencies:
      "@hotwired/turbo" "^8.0.12"
      "@rails/actioncable" "^7.0"
  
  "@hotwired/turbo@^8.0.12":
    version "8.0.12"
    resolved "https://registry.yarnpkg.com/@hotwired/turbo/-/turbo-8.0.12.tgz#50aa8345d7f62402680c6d2d9814660761837001"
    integrity sha512-l3BiQRkD7qrnQv6ms6sqPLczvwbQpXt5iAVwjDvX0iumrz6yEonQkNAzNjeDX25/OJMFDTxpHjkJZHGpM9ikWw==
  
  "@napi-rs/canvas-android-arm64@0.1.65":
    version "0.1.65"
    resolved "https://registry.yarnpkg.com/@napi-rs/canvas-android-arm64/-/canvas-android-arm64-0.1.65.tgz#b42f2a2f67cb32ad6669e53561987d58384e791f"
    integrity sha512-ZYwqFYEKcT5Zr8lbiaJNJj/poLaeK2TncolY914r+gD2TJNeP7ZqvE7A2SX/1C9MB4E3DQEwm3YhL3WEf0x3MQ==
  
  "@napi-rs/canvas-darwin-arm64@0.1.65":
    version "0.1.65"
    resolved "https://registry.yarnpkg.com/@napi-rs/canvas-darwin-arm64/-/canvas-darwin-arm64-0.1.65.tgz#8b1a8c2495816f640c1c0299e717de722b961608"
    integrity sha512-Pg1pfiJEyDIsX+V0QaJPRWvXbw5zmWAk3bivFCvt/5pwZb37/sT6E/RqPHT9NnqpDyKW6SriwY9ypjljysUA1Q==
  
  "@napi-rs/canvas-darwin-x64@0.1.65":
    version "0.1.65"
    resolved "https://registry.yarnpkg.com/@napi-rs/canvas-darwin-x64/-/canvas-darwin-x64-0.1.65.tgz#c34da0605c6220ec4e42bbf4dd2ae594c19a4048"
    integrity sha512-3Tr+/HjdJN7Z/VKIcsxV2DvDIibZCExgfYTgljCkUSFuoI7iNkOE6Dc1Q6j212EB9PeO8KmfrViBqHYT6IwWkA==
  
  "@napi-rs/canvas-linux-arm-gnueabihf@0.1.65":
    version "0.1.65"
    resolved "https://registry.yarnpkg.com/@napi-rs/canvas-linux-arm-gnueabihf/-/canvas-linux-arm-gnueabihf-0.1.65.tgz#83b618fe762190bbbfdb66e636f6de0ea940c0ec"
    integrity sha512-3KP+dYObH7CVkZMZWwk1WX9jRjL+EKdQtD43H8MOI+illf+dwqLlecdQ4d9bQRIxELKJ8dyPWY4fOp/Ngufrdg==
  
  "@napi-rs/canvas-linux-arm64-gnu@0.1.65":
    version "0.1.65"
    resolved "https://registry.yarnpkg.com/@napi-rs/canvas-linux-arm64-gnu/-/canvas-linux-arm64-gnu-0.1.65.tgz#b267573eea3209c76d69c69f8fd040407720167d"
    integrity sha512-Ka3StKz7Dq7kjTF3nNJCq43UN/VlANS7qGE3dWkn1d+tQNsCRy/wRmyt1TUFzIjRqcTFMQNRbgYq84+53UBA0A==
  
  "@napi-rs/canvas-linux-arm64-musl@0.1.65":
    version "0.1.65"
    resolved "https://registry.yarnpkg.com/@napi-rs/canvas-linux-arm64-musl/-/canvas-linux-arm64-musl-0.1.65.tgz#36896b8166f6e8752c0142c6114cb64cf235a649"
    integrity sha512-O4xMASm2JrmqYoiDyxVWi+z5C14H+oVEag2rZ5iIA67dhWqYZB+iO7wCFpBYRj31JPBR29FOsu6X9zL+DwBFdw==
  
  "@napi-rs/canvas-linux-riscv64-gnu@0.1.65":
    version "0.1.65"
    resolved "https://registry.yarnpkg.com/@napi-rs/canvas-linux-riscv64-gnu/-/canvas-linux-riscv64-gnu-0.1.65.tgz#ab5059fae49769ccf726e8ded103f15e0a39e16c"
    integrity sha512-dblWDaA59ZU8bPbkfM+riSke7sFbNZ70LEevUdI5rgiFEUzYUQlU34gSBzemTACj5rCWt1BYeu0GfkLSjNMBSw==
  
  "@napi-rs/canvas-linux-x64-gnu@0.1.65":
    version "0.1.65"
    resolved "https://registry.yarnpkg.com/@napi-rs/canvas-linux-x64-gnu/-/canvas-linux-x64-gnu-0.1.65.tgz#767b023c9d7d9d09be06afdfe37ed0549b5b7a6c"
    integrity sha512-wsp+atutw13OJXGU3DDkdngtBDoEg01IuK5xMe0L6VFPV8maGkh17CXze078OD5QJOc6kFyw3DDscMLOPF8+oA==
  
  "@napi-rs/canvas-linux-x64-musl@0.1.65":
    version "0.1.65"
    resolved "https://registry.yarnpkg.com/@napi-rs/canvas-linux-x64-musl/-/canvas-linux-x64-musl-0.1.65.tgz#9551edca5b5f0e7abfe7d5fea97b1ce25aeed4ca"
    integrity sha512-odX+nN+IozWzhdj31INcHz3Iy9+EckNw+VqsZcaUxZOTu7/3FmktRNI6aC1qe5minZNv1m05YOS1FVf7fvmjlA==
  
  "@napi-rs/canvas-win32-x64-msvc@0.1.65":
    version "0.1.65"
    resolved "https://registry.yarnpkg.com/@napi-rs/canvas-win32-x64-msvc/-/canvas-win32-x64-msvc-0.1.65.tgz#86b9209267a20df2c0044b650feb9abc8c85be3d"
    integrity sha512-RZQX3luWnlNWgdMnLMQ1hyfQraeAn9lnxWWVCHuUM4tAWEV8UDdeb7cMwmJW7eyt8kAosmjeHt3cylQMHOxGFg==
  
  "@napi-rs/canvas@^0.1.65":
    version "0.1.65"
    resolved "https://registry.yarnpkg.com/@napi-rs/canvas/-/canvas-0.1.65.tgz#ef97a41b83aa03ae37862e789d124ec80eaf5b33"
    integrity sha512-YcFhXQcp+b2d38zFOJNbpyPHnIL7KAEkhJQ+UeeKI5IpE9B8Cpf/M6RiHPQXSsSqnYbrfFylnW49dyh2oeSblQ==
    optionalDependencies:
      "@napi-rs/canvas-android-arm64" "0.1.65"
      "@napi-rs/canvas-darwin-arm64" "0.1.65"
      "@napi-rs/canvas-darwin-x64" "0.1.65"
      "@napi-rs/canvas-linux-arm-gnueabihf" "0.1.65"
      "@napi-rs/canvas-linux-arm64-gnu" "0.1.65"
      "@napi-rs/canvas-linux-arm64-musl" "0.1.65"
      "@napi-rs/canvas-linux-riscv64-gnu" "0.1.65"
      "@napi-rs/canvas-linux-x64-gnu" "0.1.65"
      "@napi-rs/canvas-linux-x64-musl" "0.1.65"
      "@napi-rs/canvas-win32-x64-msvc" "0.1.65"
  
  "@parcel/source-map@^2.0.0":
    version "2.1.1"
    resolved "https://registry.yarnpkg.com/@parcel/source-map/-/source-map-2.1.1.tgz#fb193b82dba6dd62cc7a76b326f57bb35000a782"
    integrity sha512-Ejx1P/mj+kMjQb8/y5XxDUn4reGdr+WyKYloBljpppUy8gs42T+BNoEOuRYqDVdgPc6NxduzIDoJS9pOFfV5Ew==
    dependencies:
      detect-libc "^1.0.3"
  
  "@pdf-lib/standard-fonts@^1.0.0":
    version "1.0.0"
    resolved "https://registry.yarnpkg.com/@pdf-lib/standard-fonts/-/standard-fonts-1.0.0.tgz#8ba691c4421f71662ed07c9a0294b44528af2d7f"
    integrity sha512-hU30BK9IUN/su0Mn9VdlVKsWBS6GyhVfqjwl1FjZN4TxP6cCw0jP2w7V3Hf5uX7M0AZJ16vey9yE0ny7Sa59ZA==
    dependencies:
      pako "^1.0.6"
  
  "@pdf-lib/upng@^1.0.1":
    version "1.0.1"
    resolved "https://registry.yarnpkg.com/@pdf-lib/upng/-/upng-1.0.1.tgz#7dc9c636271aca007a9df4deaf2dd7e7960280cb"
    integrity sha512-dQK2FUMQtowVP00mtIksrlZhdFXQZPC+taih1q4CvPZ5vqdxR/LKBaFg0oAfzd1GlHZXXSPdQfzQnt+ViGvEIQ==
    dependencies:
      pako "^1.0.10"
  
  "@rails/actioncable@^7.0":
    version "7.2.201"
    resolved "https://registry.yarnpkg.com/@rails/actioncable/-/actioncable-7.2.201.tgz#bfb3da01b3e2462f5a18f372c52dedd7de76037f"
    integrity sha512-wsTdWoZ5EfG5k3t7ORdyQF0ZmDEgN4aVPCanHAiNEwCROqibSZMXXmCbH7IDJUVri4FOeAVwwbPINI7HVHPKBw==
  
  detect-libc@^1.0.3:
    version "1.0.3"
    resolved "https://registry.yarnpkg.com/detect-libc/-/detect-libc-1.0.3.tgz#fa137c4bd698edf55cd5cd02ac559f91a4c4ba9b"
    integrity sha512-pGjwhsmsp4kL2RTz08wcOlGN83otlqHeD/Z5T8GXZB+/YcpQ/dgo+lbU8ZsGxV0HIvqqxo9l7mqYwyYMD9bKDg==
  
  esbuild@^0.24.2:
    version "0.24.2"
    resolved "https://registry.yarnpkg.com/esbuild/-/esbuild-0.24.2.tgz#b5b55bee7de017bff5fb8a4e3e44f2ebe2c3567d"
    integrity sha512-+9egpBW8I3CD5XPe0n6BfT5fxLzxrlDzqydF3aviG+9ni1lDC/OvMHcxqEFV0+LANZG5R1bFMWfUrjVsdwxJvA==
    optionalDependencies:
      "@esbuild/aix-ppc64" "0.24.2"
      "@esbuild/android-arm" "0.24.2"
      "@esbuild/android-arm64" "0.24.2"
      "@esbuild/android-x64" "0.24.2"
      "@esbuild/darwin-arm64" "0.24.2"
      "@esbuild/darwin-x64" "0.24.2"
      "@esbuild/freebsd-arm64" "0.24.2"
      "@esbuild/freebsd-x64" "0.24.2"
      "@esbuild/linux-arm" "0.24.2"
      "@esbuild/linux-arm64" "0.24.2"
      "@esbuild/linux-ia32" "0.24.2"
      "@esbuild/linux-loong64" "0.24.2"
      "@esbuild/linux-mips64el" "0.24.2"
      "@esbuild/linux-ppc64" "0.24.2"
      "@esbuild/linux-riscv64" "0.24.2"
      "@esbuild/linux-s390x" "0.24.2"
      "@esbuild/linux-x64" "0.24.2"
      "@esbuild/netbsd-arm64" "0.24.2"
      "@esbuild/netbsd-x64" "0.24.2"
      "@esbuild/openbsd-arm64" "0.24.2"
      "@esbuild/openbsd-x64" "0.24.2"
      "@esbuild/sunos-x64" "0.24.2"
      "@esbuild/win32-arm64" "0.24.2"
      "@esbuild/win32-ia32" "0.24.2"
      "@esbuild/win32-x64" "0.24.2"
  
  mime-db@1.52.0:
    version "1.52.0"
    resolved "https://registry.yarnpkg.com/mime-db/-/mime-db-1.52.0.tgz#bbabcdc02859f4987301c856e3387ce5ec43bf70"
    integrity sha512-sPU4uV7dYlvtWJxwwxHD0PuihVNiE7TyAbQ5SWxDCB9mUYvOgroQOwYQQOKPJ8CIbE+1ETVlOoK1UC2nU3gYvg==
  
  mime-types@^2.1.35:
    version "2.1.35"
    resolved "https://registry.yarnpkg.com/mime-types/-/mime-types-2.1.35.tgz#381a871b62a734450660ae3deee44813f70d959a"
    integrity sha512-ZDY+bPm5zTTF+YpCrAU9nK0UgICYPT0QtT1NZWFv4s++TNkcgVaT0g6+4R2uI4MjQjzysHB1zxuWL50hzaeXiw==
    dependencies:
      mime-db "1.52.0"
  
  pako@^1.0.10, pako@^1.0.11, pako@^1.0.6:
    version "1.0.11"
    resolved "https://registry.yarnpkg.com/pako/-/pako-1.0.11.tgz#6c9599d340d54dfd3946380252a35705a6b992bf"
    integrity sha512-4hLB8Py4zZce5s4yd9XzopqwVv/yGNhV1Bl8NTmCq1763HeK2+EwVTv+leGeL13Dnh2wfbqowVPXCIO0z4taYw==
  
  pdf-lib@^1.17.1:
    version "1.17.1"
    resolved "https://registry.yarnpkg.com/pdf-lib/-/pdf-lib-1.17.1.tgz#9e7dd21261a0c1fb17992580885b39e7d08f451f"
    integrity sha512-V/mpyJAoTsN4cnP31vc0wfNA1+p20evqqnap0KLoRUN0Yk/p3wN52DOEsL4oBFcLdb76hlpKPtzJIgo67j/XLw==
    dependencies:
      "@pdf-lib/standard-fonts" "^1.0.0"
      "@pdf-lib/upng" "^1.0.1"
      pako "^1.0.11"
      tslib "^1.11.1"
  
  pdfjs-dist@^4.10.38:
    version "4.10.38"
    resolved "https://registry.yarnpkg.com/pdfjs-dist/-/pdfjs-dist-4.10.38.tgz#3ee698003790dc266cc8b55c0e662ccb9ae18f53"
    integrity sha512-/Y3fcFrXEAsMjJXeL9J8+ZG9U01LbuWaYypvDW2ycW1jL269L3js3DVBjDJ0Up9Np1uqDXsDrRihHANhZOlwdQ==
    optionalDependencies:
      "@napi-rs/canvas" "^0.1.65"
  
  tslib@^1.11.1:
    version "1.14.1"
    resolved "https://registry.yarnpkg.com/tslib/-/tslib-1.14.1.tgz#cf2d38bdc34a134bcaf1091c41f6619e2f672d00"
    integrity sha512-Xni35NKzjgMrwevysHTCArtLDpPvye8zV/0E4EyYn43P7/7qvQwPh9BGkHewbMulVntbigmcT7rdX3BNo9wRJg==
